{"timestamp":"2026-07-23T13:12:30.042Z","level":"warn","message":"Aplikasi tetap dijalankan meskipun ada dependency eksternal yang hilang. Beberapa fitur mungkin gagal."}
{"timestamp":"2026-07-23T13:12:30.075Z","level":"info","message":"YouTube Clipper berjalan di http://localhost:3000 (env: development)"}
{"timestamp":"2026-07-23T13:12:30.110Z","level":"info","message":"Cleanup scheduler aktif (setiap 5 menit, TTL file 30 menit)"}
{"timestamp":"2026-07-23T13:22:09.493Z","level":"info","message":"YouTube Clipper berjalan di http://localhost:3000 (env: development)"}
{"timestamp":"2026-07-23T13:22:09.502Z","level":"info","message":"Cleanup scheduler aktif (setiap 5 menit, TTL file 30 menit)"}
{"timestamp":"2026-07-24T13:40:51.633Z","level":"warn","message":"Aplikasi tetap dijalankan meskipun ada dependency eksternal yang hilang. Beberapa fitur mungkin gagal."}
{"timestamp":"2026-07-24T13:40:51.838Z","level":"info","message":"Cleanup scheduler aktif (setiap 5 menit, TTL file 30 menit)"}
{"timestamp":"2026-07-24T13:40:51.803Z","level":"info","message":"YouTube Clipper berjalan di http://localhost:3000 (env: development)"}
{"timestamp":"2026-07-24T13:44:06.158Z","level":"info","message":"YouTube Clipper berjalan di http://localhost:3000 (env: development)"}
{"timestamp":"2026-07-24T13:44:06.177Z","level":"info","message":"Cleanup scheduler aktif (setiap 5 menit, TTL file 30 menit)"}
{"timestamp":"2026-07-24T13:47:39.153Z","level":"info","message":"Metadata video berhasil diambil","videoId":"ZppMsTpy8NQ","title":"Latihan Otak: Cara Melihat Pola yang Tidak Dilihat Orang Lain"}
{"timestamp":"2026-07-24T13:47:39.409Z","level":"info","message":"Mulai download video sumber baru","jobId":"428079c9-4f0e-441e-8ea1-f02e23bec326","videoId":"ZppMsTpy8NQ","resolution":"360p"}
{"timestamp":"2026-07-24T13:47:42.623Z","level":"error","message":"Endpoint tidak ditemukan: GET /favicon.ico","errorCode":"FILE_NOT_FOUND","statusCode":404,"path":"/favicon.ico","method":"GET","stack":"AppError: Endpoint tidak ditemukan: GET /favicon.ico\n    at AppError.notFound (/Users/macos/Desktop/youtube-clipper-android/utils/AppError.js:31:12)\n    at notFound (/Users/macos/Desktop/youtube-clipper-android/middleware/notFound.js:9:17)\n    at Layer.handle [as handle_request] (/Users/macos/Desktop/youtube-clipper-android/node_modules/express/lib/router/layer.js:95:5)\n    at trim_prefix (/Users/macos/Desktop/youtube-clipper-android/node_modules/express/lib/router/index.js:328:13)\n    at /Users/macos/Desktop/youtube-clipper-android/node_modules/express/lib/router/index.js:286:9\n    at router.process_params (/Users/macos/Desktop/youtube-clipper-android/node_modules/express/lib/router/index.js:346:12)\n    at next (/Users/macos/Desktop/youtube-clipper-android/node_modules/express/lib/router/index.js:280:10)\n    at SendStream.error (/Users/macos/Desktop/youtube-clipper-android/node_modules/serve-static/index.js:121:7)\n    at SendStream.emit (node:events:508:28)\n    at SendStream.error (/Users/macos/Desktop/youtube-clipper-android/node_modules/send/index.js:270:17)"}
{"timestamp":"2026-07-24T13:50:37.196Z","level":"info","message":"Memulai analisis audio untuk viral highlight detection...","videoPath":"/Users/macos/Desktop/youtube-clipper-android/downloads/ZppMsTpy8NQ_360p.mp4"}
{"timestamp":"2026-07-24T13:50:49.306Z","level":"info","message":"Viral highlight detection selesai","totalDuration":1382,"segmensValid":11,"highlightsFound":11,"grades":["D:30s","D:50s","C:158s","D:164s","A:75s","C:154s","A:90s","B:152s","S:90s","S:90s","D:30s"]}
{"timestamp":"2026-07-24T13:52:24.781Z","level":"error","message":"Endpoint tidak ditemukan: GET /favicon.ico","errorCode":"FILE_NOT_FOUND","statusCode":404,"path":"/favicon.ico","method":"GET","stack":"AppError: Endpoint tidak ditemukan: GET /favicon.ico\n    at AppError.notFound (/Users/macos/Desktop/youtube-clipper-android/utils/AppError.js:31:12)\n    at notFound (/Users/macos/Desktop/youtube-clipper-android/middleware/notFound.js:9:17)\n    at Layer.handle [as handle_request] (/Users/macos/Desktop/youtube-clipper-android/node_modules/express/lib/router/layer.js:95:5)\n    at trim_prefix (/Users/macos/Desktop/youtube-clipper-android/node_modules/express/lib/router/index.js:328:13)\n    at /Users/macos/Desktop/youtube-clipper-android/node_modules/express/lib/router/index.js:286:9\n    at router.process_params (/Users/macos/Desktop/youtube-clipper-android/node_modules/express/lib/router/index.js:346:12)\n    at next (/Users/macos/Desktop/youtube-clipper-android/node_modules/express/lib/router/index.js:280:10)\n    at SendStream.error (/Users/macos/Desktop/youtube-clipper-android/node_modules/serve-static/index.js:121:7)\n    at SendStream.emit (node:events:508:28)\n    at SendStream.error (/Users/macos/Desktop/youtube-clipper-android/node_modules/send/index.js:270:17)"}
{"timestamp":"2026-07-24T14:25:00.763Z","level":"info","message":"Cleanup cycle selesai","removedTemp":0,"removedOutput":0,"removedJobs":1}
{"timestamp":"2026-07-24T14:40:40.449Z","level":"info","message":"Job clip baru didaftarkan","jobId":"c7b60fb7-ae5c-42eb-b2e5-a008d049786d","videoId":"ZppMsTpy8NQ","startSeconds":1086,"endSeconds":1176,"resolution":"720p"}
{"timestamp":"2026-07-24T14:40:40.877Z","level":"info","message":"Source video sudah ada di cache dan valid, skip download","jobId":"c7b60fb7-ae5c-42eb-b2e5-a008d049786d","videoId":"ZppMsTpy8NQ"}
{"timestamp":"2026-07-24T14:55:02.031Z","level":"info","message":"Job clip selesai","jobId":"c7b60fb7-ae5c-42eb-b2e5-a008d049786d","outputFilename":"latihan-otak-cara-melihat-pola-yang-tidak-dilihat-orang-lain_18m06s.mp4","durationSeconds":90}
{"timestamp":"2026-07-24T14:55:52.227Z","level":"info","message":"Job clip baru didaftarkan","jobId":"cae2862a-a982-43a2-b887-2507ade54825","videoId":"ZppMsTpy8NQ","startSeconds":1200,"endSeconds":1290,"resolution":"720p"}
{"timestamp":"2026-07-24T14:55:52.422Z","level":"info","message":"Source video sudah ada di cache dan valid, skip download","jobId":"cae2862a-a982-43a2-b887-2507ade54825","videoId":"ZppMsTpy8NQ"}
{"timestamp":"2026-07-24T15:09:40.158Z","level":"info","message":"Job clip selesai","jobId":"cae2862a-a982-43a2-b887-2507ade54825","outputFilename":"latihan-otak-cara-melihat-pola-yang-tidak-dilihat-orang-lain_20m00s.mp4","durationSeconds":90}
{"timestamp":"2026-07-24T15:11:47.798Z","level":"info","message":"File hasil clip diunduh","jobId":"c7b60fb7-ae5c-42eb-b2e5-a008d049786d","file":"latihan-otak-cara-melihat-pola-yang-tidak-dilihat-orang-lain_18m06s.mp4"}
{"timestamp":"2026-07-24T15:11:56.886Z","level":"info","message":"File hasil clip diunduh","jobId":"cae2862a-a982-43a2-b887-2507ade54825","file":"latihan-otak-cara-melihat-pola-yang-tidak-dilihat-orang-lain_20m00s.mp4"}
